{
  "status": "PASS",
  "cohorts": {
    "lineage_eligible": {
      "stratum": "lineage_eligible",
      "bootstrap_replicates": 5000,
      "bootstrap_unit": "external_bemis_murcko_scaffold",
      "scaffold_groups": 963,
      "average_precision": {
        "isoform_specific": 0.5392172106554336,
        "pooled": 0.401715096036451,
        "difference": 0.1375021146189826,
        "scaffold_bootstrap_95ci": [
          0.11463932591098845,
          0.1571825647698241
        ]
      },
      "roc_auc": {
        "isoform_specific": 0.6725381205666383,
        "pooled": 0.5428034204927845,
        "difference": 0.1297347000738538,
        "scaffold_bootstrap_95ci": [
          0.11038166642518049,
          0.14739965936504157
        ]
      }
    },
    "scaffold_and_lineage_eligible": {
      "stratum": "scaffold_and_lineage_eligible",
      "bootstrap_replicates": 5000,
      "bootstrap_unit": "external_bemis_murcko_scaffold",
      "scaffold_groups": 844,
      "average_precision": {
        "isoform_specific": 0.5428801073616204,
        "pooled": 0.41097145717927,
        "difference": 0.13190865018235037,
        "scaffold_bootstrap_95ci": [
          0.10806726348022931,
          0.15714035854241562
        ]
      },
      "roc_auc": {
        "isoform_specific": 0.6767614650022752,
        "pooled": 0.550724392545219,
        "difference": 0.1260370724570562,
        "scaffold_bootstrap_95ci": [
          0.1036811619214452,
          0.14777678122655868
        ]
      }
    }
  },
  "scope": "Original fixed-score bootstrap; no model refitting"
}

