{
  "status": "PASS",
  "labels": 3035,
  "isoforms": 6,
  "release_rows_checked": 10,
  "methods": {
    "isoform_specific_knn": {
      "macro_AP": 0.5428801073616204,
      "release": [
        {
          "fraction": 0.1,
          "released": 306,
          "reported_positive_hits": 208,
          "isoform_macro_precision": 0.668518459558566,
          "isoform_macro_recall": 0.20319902636770762
        },
        {
          "fraction": 0.25,
          "released": 761,
          "reported_positive_hits": 443,
          "isoform_macro_precision": 0.5442603978960235,
          "isoform_macro_recall": 0.40120307741419875
        },
        {
          "fraction": 0.5,
          "released": 1519,
          "reported_positive_hits": 762,
          "isoform_macro_precision": 0.4561238391859372,
          "isoform_macro_recall": 0.6490529311152056
        },
        {
          "fraction": 0.75,
          "released": 2279,
          "reported_positive_hits": 1032,
          "isoform_macro_precision": 0.4054122438523556,
          "isoform_macro_recall": 0.8526798003557013
        },
        {
          "fraction": 1.0,
          "released": 3035,
          "reported_positive_hits": 1228,
          "isoform_macro_precision": 0.3590135011998236,
          "isoform_macro_recall": 1.0
        }
      ]
    },
    "pooled_chemical_knn": {
      "macro_AP": 0.41097145717927014,
      "release": [
        {
          "fraction": 0.1,
          "released": 306,
          "reported_positive_hits": 136,
          "isoform_macro_precision": 0.40427688837474013,
          "isoform_macro_recall": 0.11358859153409344
        },
        {
          "fraction": 0.25,
          "released": 761,
          "reported_positive_hits": 331,
          "isoform_macro_precision": 0.38332917381476966,
          "isoform_macro_recall": 0.26426362294656985
        },
        {
          "fraction": 0.5,
          "released": 1519,
          "reported_positive_hits": 664,
          "isoform_macro_precision": 0.38761225475363914,
          "isoform_macro_recall": 0.542450836050743
        },
        {
          "fraction": 0.75,
          "released": 2279,
          "reported_positive_hits": 980,
          "isoform_macro_precision": 0.3828897102301722,
          "isoform_macro_recall": 0.8043222428870558
        },
        {
          "fraction": 1.0,
          "released": 3035,
          "reported_positive_hits": 1228,
          "isoform_macro_precision": 0.3590135011998236,
          "isoform_macro_recall": 1.0
        }
      ]
    },
    "isoform_logistic": {
      "macro_AP": 0.5341034089854914,
      "release": [
        {
          "fraction": 0.1,
          "released": 306,
          "reported_positive_hits": 199,
          "isoform_macro_precision": 0.6306267749187536,
          "isoform_macro_recall": 0.18905139699312892
        },
        {
          "fraction": 0.25,
          "released": 761,
          "reported_positive_hits": 452,
          "isoform_macro_precision": 0.5610640325747114,
          "isoform_macro_recall": 0.4107647794980657
        },
        {
          "fraction": 0.5,
          "released": 1519,
          "reported_positive_hits": 779,
          "isoform_macro_precision": 0.4664674588050665,
          "isoform_macro_recall": 0.662595007474699
        },
        {
          "fraction": 0.75,
          "released": 2279,
          "reported_positive_hits": 1022,
          "isoform_macro_precision": 0.40196889854395595,
          "isoform_macro_recall": 0.8460279980607271
        },
        {
          "fraction": 1.0,
          "released": 3035,
          "reported_positive_hits": 1228,
          "isoform_macro_precision": 0.3590135011998236,
          "isoform_macro_recall": 1.0
        }
      ]
    }
  }
}

